====================================================
COMPUTER PULSE - HARDWARE & NETWORK LOG
====================================================
Timestamp : 2026-09-21 23:48:37
Active Processes : 260 running processes
CPU Utilization : 9% load
----------------------------------------------------
Top 3 Memory-Consuming Processes:

Name                RAM_MB
----                ------
fdm                1248.68
Memory Compression  364.36
Grammarly.Desktop   338.36


----------------------------------------------------
Disk Storage Breakdown:

DeviceID FreeGB TotalGB
-------- ------ -------
C:        20.79  159.02
D:        91.73  316.73


----------------------------------------------------
Network Diagnostics:
Active IPv4 Address: 10.14.2.81
Internet Latency : 20 ms (Target: 8.8.8.8)
====================================================
